// Jest Snapshot v1, https://goo.gl/fbAQLP

exports[`renders the normal User Page 1`] = `user: test`;
