// Jest Snapshot v1, https://goo.gl/fbAQLP

exports[`renders the normal UserAvatar 1`] = `
<button
  class="MuiButtonBase-root MuiIconButton-root"
  tabindex="0"
  type="button"
>
  <span
    class="MuiIconButton-label"
  >
    <div
      class="MuiAvatar-root MuiAvatar-circle"
    >
      <img
        class="MuiAvatar-img"
        src="https://www.gravatar.com/avatar/1aedb8d9dc4751e229a335e371db8058"
      />
    </div>
  </span>
  <span
    class="MuiTouchRipple-root"
  />
</button>
`;
